###############################################################################
#
# IAR ELF Linker V7.50.2.10312/W32 for ARM                19/Oct/2017  12:39:49
# Copyright 2007-2015 IAR Systems AB.
#
#    Output file  =  
#        D:\Dropbox\exchange\IAR
#        PROJECTS\GIT_repository\main_Board\Debug\Exe\c.out
#    Map file     =  
#        D:\Dropbox\exchange\IAR
#        PROJECTS\GIT_repository\main_Board\Debug\List\c.map
#    Command line =  
#        "D:\Dropbox\exchange\IAR
#        PROJECTS\GIT_repository\main_Board\Debug\Obj\LIS3MDL.o"
#        "D:\Dropbox\exchange\IAR
#        PROJECTS\GIT_repository\main_Board\Debug\Obj\main.o"
#        "D:\Dropbox\exchange\IAR
#        PROJECTS\GIT_repository\main_Board\Debug\Obj\MPU6500.o"
#        "D:\Dropbox\exchange\IAR
#        PROJECTS\GIT_repository\main_Board\Debug\Obj\startup_stm32f10x_hd.o"
#        "D:\Dropbox\exchange\IAR
#        PROJECTS\GIT_repository\main_Board\Debug\Obj\system_stm32f10x.o" -o
#        "D:\Dropbox\exchange\IAR
#        PROJECTS\GIT_repository\main_Board\Debug\Exe\c.out" --redirect
#        _Printf=_PrintfFull --redirect _Scanf=_ScanfFull --map
#        "D:\Dropbox\exchange\IAR
#        PROJECTS\GIT_repository\main_Board\Debug\List\c.map" --config
#        "C:\Program Files (x86)\IAR Systems\Embedded Workbench
#        7.3\arm\config\linker\ST\stm32f103xE.icf" --semihosting --entry
#        __iar_program_start --vfe
#
###############################################################################

*******************************************************************************
*** RUNTIME MODEL ATTRIBUTES
***

CppFlavor       = *
__SystemLibrary = DLib


*******************************************************************************
*** PLACEMENT SUMMARY
***

"A1":  place at 0x08000000 { ro section .intvec };
"P1":  place in [from 0x08000000 to 0x0807ffff] { ro };
"P2":  place in [from 0x20000000 to 0x2000ffff] { rw, block CSTACK, block HEAP };

  Section             Kind        Address    Size  Object
  -------             ----        -------    ----  ------
"A1":                                       0x130
  .intvec             ro code  0x08000000   0x130  startup_stm32f10x_hd.o [1]
                             - 0x08000130   0x130

"P1":                                      0x1d3a
  .text               ro code  0x08000130   0xb40  main.o [1]
  .text               ro code  0x08000c70   0x190  MPU6500.o [1]
  .text               ro code  0x08000e00    0xd8  LIS3MDL.o [1]
  .text               ro code  0x08000ed8    0x2e  I32ToFlt.o [4]
  .text               ro code  0x08000f08    0xd8  FltMul.o [4]
  .text               ro code  0x08000fe0    0x84  FltAdd.o [4]
  .text               ro code  0x08001064    0x4e  FltToDbl.o [4]
  .text               ro code  0x080010b4    0xf0  sqrt.o [4]
  .text               ro code  0x080011a4    0x90  DblToFlt.o [4]
  .text               ro code  0x08001234    0xca  atan2f.o [4]
  .text               ro code  0x08001300   0x1a2  DblMul.o [4]
  .text               ro code  0x080014a4    0xe6  FltSub.o [4]
  .text               ro code  0x0800158c    0xe8  DblAdd.o [4]
  .text               ro code  0x08001674    0x44  FltToS32.o [4]
  .text               ro code  0x080016b8    0x56  ABImemcpy_unaligned.o [5]
  .text               ro code  0x08001710     0xc  iarEdom.o [5]
  .text               ro code  0x0800171c    0x24  FltCmpLe.o [4]
  .text               ro code  0x08001740    0xfc  FltDiv.o [4]
  .text               ro code  0x0800183c    0xf4  xfatan.o [4]
  .text               ro code  0x08001930   0x16c  DblSub.o [4]
  .text               ro code  0x08001a9c     0xc  errno.o [3]
  .text               ro code  0x08001aa8    0x24  FltCmpGe.o [4]
  .text               ro code  0x08001acc     0x2  xtls.o [3]
  .text               ro code  0x08001ad0   0x158  system_stm32f10x.o [1]
  .text               ro code  0x08001c28    0x40  zero_init3.o [5]
  .text               ro code  0x08001c68    0x38  packbits_init_single.o [5]
  .text               ro code  0x08001ca0    0x28  data_init.o [5]
  .iar.init_table     const    0x08001cc8    0x20  - Linker created -
  .text               ro code  0x08001ce8    0x1a  cmain.o [5]
  .text               ro code  0x08001d02     0x4  low_level_init.o [3]
  .text               ro code  0x08001d06     0x4  exit.o [3]
  .text               ro code  0x08001d0c     0xa  cexit.o [5]
  .text               ro code  0x08001d18    0x14  exit.o [6]
  .rodata             const    0x08001d2c    0x10  MPU6500.o [1]
  .text               ro code  0x08001d3c    0x10  startup_stm32f10x_hd.o [1]
  .text               ro code  0x08001d4c     0xc  cstartup_M.o [5]
  .text               ro code  0x08001d58     0x4  startup_stm32f10x_hd.o [1]
  .text               ro code  0x08001d5c     0x4  startup_stm32f10x_hd.o [1]
  .text               ro code  0x08001d60     0x4  startup_stm32f10x_hd.o [1]
  .text               ro code  0x08001d64     0x4  startup_stm32f10x_hd.o [1]
  .text               ro code  0x08001d68     0x4  startup_stm32f10x_hd.o [1]
  .text               ro code  0x08001d6c     0x4  startup_stm32f10x_hd.o [1]
  .text               ro code  0x08001d70     0x4  startup_stm32f10x_hd.o [1]
  .text               ro code  0x08001d74     0x4  startup_stm32f10x_hd.o [1]
  .text               ro code  0x08001d78     0x4  startup_stm32f10x_hd.o [1]
  .text               ro code  0x08001d7c     0x4  startup_stm32f10x_hd.o [1]
  .text               ro code  0x08001d80     0x4  startup_stm32f10x_hd.o [1]
  .text               ro code  0x08001d84     0x4  startup_stm32f10x_hd.o [1]
  .text               ro code  0x08001d88     0x4  startup_stm32f10x_hd.o [1]
  .text               ro code  0x08001d8c     0x4  startup_stm32f10x_hd.o [1]
  .text               ro code  0x08001d90     0x4  startup_stm32f10x_hd.o [1]
  .text               ro code  0x08001d94     0x4  startup_stm32f10x_hd.o [1]
  .text               ro code  0x08001d98     0x4  startup_stm32f10x_hd.o [1]
  .text               ro code  0x08001d9c     0x4  startup_stm32f10x_hd.o [1]
  .text               ro code  0x08001da0     0x4  startup_stm32f10x_hd.o [1]
  .text               ro code  0x08001da4     0x4  startup_stm32f10x_hd.o [1]
  .text               ro code  0x08001da8     0x4  startup_stm32f10x_hd.o [1]
  .text               ro code  0x08001dac     0x4  startup_stm32f10x_hd.o [1]
  .text               ro code  0x08001db0     0x4  startup_stm32f10x_hd.o [1]
  .text               ro code  0x08001db4     0x4  startup_stm32f10x_hd.o [1]
  .text               ro code  0x08001db8     0x4  startup_stm32f10x_hd.o [1]
  .text               ro code  0x08001dbc     0x4  startup_stm32f10x_hd.o [1]
  .text               ro code  0x08001dc0     0x4  startup_stm32f10x_hd.o [1]
  .text               ro code  0x08001dc4     0x4  startup_stm32f10x_hd.o [1]
  .text               ro code  0x08001dc8     0x4  startup_stm32f10x_hd.o [1]
  .text               ro code  0x08001dcc     0x4  startup_stm32f10x_hd.o [1]
  .text               ro code  0x08001dd0     0x4  startup_stm32f10x_hd.o [1]
  .text               ro code  0x08001dd4     0x4  startup_stm32f10x_hd.o [1]
  .text               ro code  0x08001dd8     0x4  startup_stm32f10x_hd.o [1]
  .text               ro code  0x08001ddc     0x4  startup_stm32f10x_hd.o [1]
  .text               ro code  0x08001de0     0x4  startup_stm32f10x_hd.o [1]
  .text               ro code  0x08001de4     0x4  startup_stm32f10x_hd.o [1]
  .text               ro code  0x08001de8     0x4  startup_stm32f10x_hd.o [1]
  .text               ro code  0x08001dec     0x4  startup_stm32f10x_hd.o [1]
  .text               ro code  0x08001df0     0x4  startup_stm32f10x_hd.o [1]
  .text               ro code  0x08001df4     0x4  startup_stm32f10x_hd.o [1]
  .text               ro code  0x08001df8     0x4  startup_stm32f10x_hd.o [1]
  .text               ro code  0x08001dfc     0x4  startup_stm32f10x_hd.o [1]
  .text               ro code  0x08001e00     0x4  startup_stm32f10x_hd.o [1]
  .text               ro code  0x08001e04     0x4  startup_stm32f10x_hd.o [1]
  .text               ro code  0x08001e08     0x4  startup_stm32f10x_hd.o [1]
  .text               ro code  0x08001e0c     0x4  startup_stm32f10x_hd.o [1]
  .text               ro code  0x08001e10     0x4  startup_stm32f10x_hd.o [1]
  .text               ro code  0x08001e14     0x4  startup_stm32f10x_hd.o [1]
  .text               ro code  0x08001e18     0x4  startup_stm32f10x_hd.o [1]
  .text               ro code  0x08001e1c     0x4  startup_stm32f10x_hd.o [1]
  .text               ro code  0x08001e20     0x4  startup_stm32f10x_hd.o [1]
  .text               ro code  0x08001e24     0x4  startup_stm32f10x_hd.o [1]
  .text               ro code  0x08001e28     0x4  startup_stm32f10x_hd.o [1]
  .text               ro code  0x08001e2c     0x4  startup_stm32f10x_hd.o [1]
  .text               ro code  0x08001e30     0x4  startup_stm32f10x_hd.o [1]
  .text               ro code  0x08001e34     0x4  startup_stm32f10x_hd.o [1]
  .text               ro code  0x08001e38     0x4  startup_stm32f10x_hd.o [1]
  .text               ro code  0x08001e3c     0x4  startup_stm32f10x_hd.o [1]
  .text               ro code  0x08001e40     0x4  startup_stm32f10x_hd.o [1]
  .text               ro code  0x08001e44     0x4  startup_stm32f10x_hd.o [1]
  .text               ro code  0x08001e48     0x4  startup_stm32f10x_hd.o [1]
  .text               ro code  0x08001e4c     0x4  startup_stm32f10x_hd.o [1]
  .text               ro code  0x08001e50     0x4  startup_stm32f10x_hd.o [1]
  .text               ro code  0x08001e54     0x4  startup_stm32f10x_hd.o [1]
  .text               ro code  0x08001e58     0x4  startup_stm32f10x_hd.o [1]
  .text               ro code  0x08001e5c     0x4  startup_stm32f10x_hd.o [1]
  .text               ro code  0x08001e60     0x4  startup_stm32f10x_hd.o [1]
  .rodata             const    0x08001e64     0x0  zero_init3.o [5]
  .rodata             const    0x08001e64     0x0  packbits_init_single.o [5]
  Initializer bytes   const    0x08001e64     0x6  <for P2-1>
                             - 0x08001e6a  0x1d3a

"P2", part 1 of 3:                           0x20
  P2-1                         0x20000000    0x20  <Init block>
    .data             inited   0x20000000    0x1c  main.o [1]
    __DLIB_PERTHREAD  inited   0x2000001c     0x4  errno.o [3]
                             - 0x20000020    0x20

"P2", part 2 of 3:                         0x1000
  CSTACK                       0x20000020  0x1000  <Block>
    CSTACK            uninit   0x20000020  0x1000  <Block tail>
                             - 0x20001020  0x1000

"P2", part 3 of 3:                           0xbc
  .bss                zero     0x20001020    0x18  main.o [1]
  .bss                zero     0x20001038     0xc  main.o [1]
  .bss                zero     0x20001044     0xc  main.o [1]
  .bss                zero     0x20001050     0xc  main.o [1]
  .bss                zero     0x2000105c     0xc  main.o [1]
  .bss                zero     0x20001068     0xc  main.o [1]
  .bss                zero     0x20001074     0xc  main.o [1]
  .bss                zero     0x20001080     0xc  main.o [1]
  .bss                zero     0x2000108c     0xc  main.o [1]
  .bss                zero     0x20001098     0x8  main.o [1]
  .bss                zero     0x200010a0     0x4  main.o [1]
  .bss                zero     0x200010a4     0x4  main.o [1]
  .bss                zero     0x200010a8     0x4  main.o [1]
  .bss                zero     0x200010ac     0x4  main.o [1]
  .bss                zero     0x200010b0     0x4  main.o [1]
  .bss                zero     0x200010b4     0x4  main.o [1]
  .bss                zero     0x200010b8     0x4  main.o [1]
  .bss                zero     0x200010bc     0x4  main.o [1]
  .bss                zero     0x200010c0     0x4  main.o [1]
  .bss                zero     0x200010c4     0x4  main.o [1]
  .bss                zero     0x200010c8     0x4  main.o [1]
  .bss                zero     0x200010cc     0x4  main.o [1]
  .bss                zero     0x200010d0     0x2  main.o [1]
  .bss                zero     0x200010d2     0x2  main.o [1]
  .bss                zero     0x200010d4     0x2  main.o [1]
  .bss                zero     0x200010d6     0x2  main.o [1]
  .bss                zero     0x200010d8     0x1  main.o [1]
  .bss                zero     0x200010d9     0x1  main.o [1]
  .bss                zero     0x200010da     0x1  main.o [1]
                             - 0x200010db    0xbb


*******************************************************************************
*** INIT TABLE
***

          Address     Size
          -------     ----
Zero (__iar_zero_init3)
    1 destination range, total size 0xbb:
          0x20001020  0xbb

Copy/packbits (__iar_packbits_init_single3)
    1 source range, total size 0x6 (18% of destination):
          0x08001e64   0x6
    1 destination range, total size 0x20:
          0x20000000  0x20



*******************************************************************************
*** MODULE SUMMARY
***

    Module                  ro code  ro data  rw data
    ------                  -------  -------  -------
D:\Dropbox\exchange\IAR PROJECTS\GIT_repository\main_Board\Debug\Obj: [1]
    LIS3MDL.o                   216
    MPU6500.o                   400       16
    main.o                    2 880        5      215
    startup_stm32f10x_hd.o      588
    system_stm32f10x.o          344
    -------------------------------------------------
    Total:                    4 428       21      215

command line: [2]
    -------------------------------------------------
    Total:

dl7M_tln.a: [3]
    errno.o                      12        1        4
    exit.o                        4
    low_level_init.o              4
    xtls.o                        2
    -------------------------------------------------
    Total:                       22        1        4

m7M_tl.a: [4]
    DblAdd.o                    232
    DblMul.o                    418
    DblSub.o                    364
    DblToFlt.o                  144
    FltAdd.o                    132
    FltCmpGe.o                   36
    FltCmpLe.o                   36
    FltDiv.o                    252
    FltMul.o                    216
    FltSub.o                    230
    FltToDbl.o                   78
    FltToS32.o                   68
    I32ToFlt.o                   46
    atan2f.o                    202
    sqrt.o                      240
    xfatan.o                    244
    -------------------------------------------------
    Total:                    2 938

rt7M_tl.a: [5]
    ABImemcpy_unaligned.o        86
    cexit.o                      10
    cmain.o                      26
    cstartup_M.o                 12
    data_init.o                  40
    iarEdom.o                    12
    packbits_init_single.o       56
    zero_init3.o                 64
    -------------------------------------------------
    Total:                      306

shb_l.a: [6]
    exit.o                       20
    -------------------------------------------------
    Total:                       20

    Gaps                         18
    Linker created                        32    4 096
-----------------------------------------------------
    Grand Total:              7 732       54    4 315


*******************************************************************************
*** ENTRY LIST
***

Entry                      Address   Size  Type      Object
-----                      -------   ----  ----      ------
.iar.init_table$$Base   0x08001cc8          --   Gb  - Linker created -
.iar.init_table$$Limit  0x08001ce8          --   Gb  - Linker created -
?main                   0x08001ce9         Code  Gb  cmain.o [5]
CALC_CHEKSUM            0x08000a25   0x1c  Code  Gb  main.o [1]
CSTACK$$Base            0x20000020          --   Gb  - Linker created -
CSTACK$$Limit           0x20001020          --   Gb  - Linker created -
CTRL_REG1               0x200010a0    0x4  Data  Gb  main.o [1]
CTRL_REG2               0x200010a4    0x4  Data  Gb  main.o [1]
CTRL_REG3               0x200010a8    0x4  Data  Gb  main.o [1]
CTRL_REG4               0x200010ac    0x4  Data  Gb  main.o [1]
GYRO_SPI_CONFIG         0x08000c71   0x8e  Code  Gb  MPU6500.o [1]
INT_Enable_Setiings     0x200010c4    0x4  Data  Gb  main.o [1]
INT_Pin_Config          0x200010cc    0x4  Data  Gb  main.o [1]
INT_STATUS_REG          0x200010c8    0x4  Data  Gb  main.o [1]
Init_Read_timer         0x08000acd   0x2c  Code  Gb  main.o [1]
LIS3MDL_reg_write       0x08000e81   0x40  Code  Gb  LIS3MDL.o [1]
MAG_INT_CFG             0x200010b0    0x4  Data  Gb  main.o [1]
MOTOR_CMD               0x08000c3d   0x34  Code  Gb  main.o [1]
MPU6500_ACC_Setiings    0x200010bc    0x4  Data  Gb  main.o [1]
MPU6500_ACC_Setiings2   0x200010c0    0x4  Data  Gb  main.o [1]
MPU6500_Config          0x200010b4    0x4  Data  Gb  main.o [1]
MPU6500_GyroSetiings    0x200010b8    0x4  Data  Gb  main.o [1]
MPU6500_proc_data       0x20001020   0x18  Data  Gb  main.o [1]
MPU6500_reg_read        0x08000d41   0x54  Code  Gb  MPU6500.o [1]
MPU6500_reg_write       0x08000cff   0x42  Code  Gb  MPU6500.o [1]
Magnetometer_SPI_CONFIG
                        0x08000e01   0x80  Code  Gb  LIS3MDL.o [1]
READ_RAW_ACC_GYRO_data  0x08000d95   0x52  Code  Gb  MPU6500.o [1]
Read_Timer_CHECK        0x08000af9   0x2c  Code  Gb  main.o [1]
Region$$Table$$Base     0x08001cc8          --   Gb  - Linker created -
Region$$Table$$Limit    0x08001ce8          --   Gb  - Linker created -
SEND_UART_cmd_data      0x08000a8b   0x42  Code  Gb  main.o [1]
SEND_UART_data          0x08000a41   0x4a  Code  Gb  main.o [1]
SetSysClock             0x08001b25    0x8  Code  Lc  system_stm32f10x.o [1]
SetSysClockTo72         0x08001b2d   0xe0  Code  Lc  system_stm32f10x.o [1]
SystemInit              0x08001ad1   0x54  Code  Gb  system_stm32f10x.o [1]
UART_TX_BUFFER          0x20000000   0x1c  Data  Lc  main.o [1]
USART1_IRQHandler       0x080009e5   0x20  Code  Gb  main.o [1]
USART3_IRQHandler       0x08000a05   0x20  Code  Gb  main.o [1]
__aeabi_cfcmple         0x0800171d         Code  Gb  FltCmpLe.o [4]
__aeabi_cfrcmple        0x08001aa9         Code  Gb  FltCmpGe.o [4]
__aeabi_d2f             0x080011a5         Code  Gb  DblToFlt.o [4]
__aeabi_dadd            0x0800158d         Code  Gb  DblAdd.o [4]
__aeabi_dmul            0x08001301         Code  Gb  DblMul.o [4]
__aeabi_errno_addr      0x08001a9d    0x6  Code  Gb  errno.o [3]
__aeabi_f2d             0x08001065         Code  Gb  FltToDbl.o [4]
__aeabi_f2iz            0x08001675         Code  Gb  FltToS32.o [4]
__aeabi_fadd            0x08000fe1         Code  Gb  FltAdd.o [4]
__aeabi_fdiv            0x08001741         Code  Gb  FltDiv.o [4]
__aeabi_fmul            0x08000f09         Code  Gb  FltMul.o [4]
__aeabi_fsub            0x080014a5         Code  Gb  FltSub.o [4]
__aeabi_i2f             0x08000ed9         Code  Gb  I32ToFlt.o [4]
__cmain                 0x08001ce9         Code  Gb  cmain.o [5]
__exit                  0x08001d19   0x14  Code  Gb  exit.o [6]
__iar_Errno             0x2000001c    0x4  Data  Gb  errno.o [3]
__iar_FAtan             0x0800183d   0xb4  Code  Gb  xfatan.o [4]
__iar_dadd              0x080015a1         Code  Gb  DblAdd.o [4]
__iar_data_init3        0x08001ca1   0x28  Code  Gb  data_init.o [5]
__iar_dlib_perthread_access
                        0x08001acd    0x2  Code  Gb  xtls.o [3]
__iar_dsub              0x08001931         Code  Gb  DblSub.o [4]
__iar_dsubStart         0x08001943         Code  Gb  DblSub.o [4]
__iar_edom              0x08001711         Code  Gb  iarEdom.o [5]
__iar_fadd              0x08000ff1         Code  Gb  FltAdd.o [4]
__iar_fsub              0x080014b5         Code  Gb  FltSub.o [4]
__iar_fsubStart         0x080014c5         Code  Gb  FltSub.o [4]
__iar_packbits_init_single3
                        0x08001c69   0x38  Code  Gb  packbits_init_single.o [5]
__iar_program_start     0x08001d4d         Code  Gb  cstartup_M.o [5]
__iar_sqrt              0x080010b5         Code  Gb  sqrt.o [4]
__iar_ui2f              0x08000eed         Code  Gb  I32ToFlt.o [4]
__iar_unaligned___aeabi_memcpy4
                        0x080016b9         Code  Gb  ABImemcpy_unaligned.o [5]
__iar_unaligned___aeabi_memcpy8
                        0x080016b9         Code  Gb  ABImemcpy_unaligned.o [5]
__iar_zero_init3        0x08001c29   0x40  Code  Gb  zero_init3.o [5]
__low_level_init        0x08001d03    0x4  Code  Gb  low_level_init.o [3]
__vector_table          0x08000000         Data  Gb  startup_stm32f10x_hd.o [1]
_call_main              0x08001cf5         Code  Gb  cmain.o [5]
_exit                   0x08001d0d         Code  Gb  cexit.o [5]
_main                   0x08001cff         Code  Gb  cmain.o [5]
a                       0x08001910   0x20  Data  Lc  xfatan.o [4]
acc_raw_data_float      0x20001068    0xc  Data  Gb  main.o [1]
atan2f                  0x08001235   0xca  Code  Gb  atan2f.o [4]
current_accel_deg       0x2000105c    0xc  Data  Gb  main.o [1]
current_deg             0x20001050    0xc  Data  Gb  main.o [1]
current_deg_view        0x20001098    0x8  Data  Gb  main.o [1]
current_value           0x200010d6    0x2  Data  Gb  main.o [1]
exit                    0x08001d07    0x4  Code  Gb  exit.o [3]
filtered_acc_angle      0x20001080    0xc  Data  Gb  main.o [1]
filtered_angle          0x20001074    0xc  Data  Gb  main.o [1]
main                    0x08000131  0x8b4  Code  Gb  main.o [1]
preg1                   0x200010d9    0x1  Data  Gb  main.o [1]
preg2                   0x200010da    0x1  Data  Gb  main.o [1]
prev_acc_data           0x2000108c    0xc  Data  Gb  main.o [1]
prev_deg                0x20001044    0xc  Data  Gb  main.o [1]
receive_data            0x20001038    0xc  Data  Gb  main.o [1]
rx_counter1             0x200010d8    0x1  Data  Gb  main.o [1]
sqrt                    0x080010b5         Code  Gb  sqrt.o [4]
sqrtl                   0x080010b5         Code  Gb  sqrt.o [4]
temp_deg1               0x200010d0    0x2  Data  Gb  main.o [1]
temp_deg2               0x200010d2    0x2  Data  Gb  main.o [1]
temp_deg3               0x200010d4    0x2  Data  Gb  main.o [1]


[1] = D:\Dropbox\exchange\IAR PROJECTS\GIT_repository\main_Board\Debug\Obj
[2] = command line
[3] = dl7M_tln.a
[4] = m7M_tl.a
[5] = rt7M_tl.a
[6] = shb_l.a

  7 732 bytes of readonly  code memory
     54 bytes of readonly  data memory
  4 315 bytes of readwrite data memory

Errors: none
Warnings: none
