###############################################################################
#
# IAR ELF Linker V7.50.2.10312/W32 for ARM                14/Dec/2016  09:43:38
# Copyright 2007-2015 IAR Systems AB.
#
#    Output file  =  
#        D:\Dropbox\exchange\IAR
#        PROJECTS\GIT_repository\main_Board\Debug\Exe\c.out
#    Map file     =  
#        D:\Dropbox\exchange\IAR
#        PROJECTS\GIT_repository\main_Board\Debug\List\c.map
#    Command line =  
#        "D:\Dropbox\exchange\IAR
#        PROJECTS\GIT_repository\main_Board\Debug\Obj\LIS3MDL.o"
#        "D:\Dropbox\exchange\IAR
#        PROJECTS\GIT_repository\main_Board\Debug\Obj\main.o"
#        "D:\Dropbox\exchange\IAR
#        PROJECTS\GIT_repository\main_Board\Debug\Obj\MPU6500.o"
#        "D:\Dropbox\exchange\IAR
#        PROJECTS\GIT_repository\main_Board\Debug\Obj\startup_stm32f10x_hd.o"
#        "D:\Dropbox\exchange\IAR
#        PROJECTS\GIT_repository\main_Board\Debug\Obj\system_stm32f10x.o" -o
#        "D:\Dropbox\exchange\IAR
#        PROJECTS\GIT_repository\main_Board\Debug\Exe\c.out" --redirect
#        _Printf=_PrintfFull --redirect _Scanf=_ScanfFull --map
#        "D:\Dropbox\exchange\IAR
#        PROJECTS\GIT_repository\main_Board\Debug\List\c.map" --config
#        "C:\Program Files (x86)\IAR Systems\Embedded Workbench
#        7.3\arm\config\linker\ST\stm32f103xE.icf" --semihosting --entry
#        __iar_program_start --vfe
#
###############################################################################

*******************************************************************************
*** RUNTIME MODEL ATTRIBUTES
***

CppFlavor       = *
__SystemLibrary = DLib


*******************************************************************************
*** PLACEMENT SUMMARY
***

"A1":  place at 0x08000000 { ro section .intvec };
"P1":  place in [from 0x08000000 to 0x0807ffff] { ro };
"P2":  place in [from 0x20000000 to 0x2000ffff] { rw, block CSTACK, block HEAP };

  Section            Kind        Address    Size  Object
  -------            ----        -------    ----  ------
"A1":                                      0x130
  .intvec            ro code  0x08000000   0x130  startup_stm32f10x_hd.o [1]
                            - 0x08000130   0x130

"P1":                                      0xc98
  .text              ro code  0x08000130   0x544  main.o [1]
  .text              ro code  0x08000674   0x194  MPU6500.o [1]
  .text              ro code  0x08000808   0x1c6  LIS3MDL.o [1]
  .text              ro code  0x080009d0    0x56  ABImemcpy_unaligned.o [4]
  .text              ro code  0x08000a28   0x158  system_stm32f10x.o [1]
  .text              ro code  0x08000b80    0x40  zero_init3.o [4]
  .text              ro code  0x08000bc0    0x38  packbits_init_single.o [4]
  .text              ro code  0x08000bf8    0x28  data_init.o [4]
  .iar.init_table    const    0x08000c20    0x20  - Linker created -
  .text              ro code  0x08000c40    0x1a  cmain.o [4]
  .text              ro code  0x08000c5a     0x4  low_level_init.o [3]
  .text              ro code  0x08000c5e     0x4  exit.o [3]
  .text              ro code  0x08000c64     0xa  cexit.o [4]
  .text              ro code  0x08000c70    0x14  exit.o [5]
  .rodata            const    0x08000c84    0x10  MPU6500.o [1]
  .text              ro code  0x08000c94    0x10  startup_stm32f10x_hd.o [1]
  .text              ro code  0x08000ca4     0xc  cstartup_M.o [4]
  .text              ro code  0x08000cb0     0x4  startup_stm32f10x_hd.o [1]
  .text              ro code  0x08000cb4     0x4  startup_stm32f10x_hd.o [1]
  .text              ro code  0x08000cb8     0x4  startup_stm32f10x_hd.o [1]
  .text              ro code  0x08000cbc     0x4  startup_stm32f10x_hd.o [1]
  .text              ro code  0x08000cc0     0x4  startup_stm32f10x_hd.o [1]
  .text              ro code  0x08000cc4     0x4  startup_stm32f10x_hd.o [1]
  .text              ro code  0x08000cc8     0x4  startup_stm32f10x_hd.o [1]
  .text              ro code  0x08000ccc     0x4  startup_stm32f10x_hd.o [1]
  .text              ro code  0x08000cd0     0x4  startup_stm32f10x_hd.o [1]
  .text              ro code  0x08000cd4     0x4  startup_stm32f10x_hd.o [1]
  .text              ro code  0x08000cd8     0x4  startup_stm32f10x_hd.o [1]
  .text              ro code  0x08000cdc     0x4  startup_stm32f10x_hd.o [1]
  .text              ro code  0x08000ce0     0x4  startup_stm32f10x_hd.o [1]
  .text              ro code  0x08000ce4     0x4  startup_stm32f10x_hd.o [1]
  .text              ro code  0x08000ce8     0x4  startup_stm32f10x_hd.o [1]
  .text              ro code  0x08000cec     0x4  startup_stm32f10x_hd.o [1]
  .text              ro code  0x08000cf0     0x4  startup_stm32f10x_hd.o [1]
  .text              ro code  0x08000cf4     0x4  startup_stm32f10x_hd.o [1]
  .text              ro code  0x08000cf8     0x4  startup_stm32f10x_hd.o [1]
  .text              ro code  0x08000cfc     0x4  startup_stm32f10x_hd.o [1]
  .text              ro code  0x08000d00     0x4  startup_stm32f10x_hd.o [1]
  .text              ro code  0x08000d04     0x4  startup_stm32f10x_hd.o [1]
  .text              ro code  0x08000d08     0x4  startup_stm32f10x_hd.o [1]
  .text              ro code  0x08000d0c     0x4  startup_stm32f10x_hd.o [1]
  .text              ro code  0x08000d10     0x4  startup_stm32f10x_hd.o [1]
  .text              ro code  0x08000d14     0x4  startup_stm32f10x_hd.o [1]
  .text              ro code  0x08000d18     0x4  startup_stm32f10x_hd.o [1]
  .text              ro code  0x08000d1c     0x4  startup_stm32f10x_hd.o [1]
  .text              ro code  0x08000d20     0x4  startup_stm32f10x_hd.o [1]
  .text              ro code  0x08000d24     0x4  startup_stm32f10x_hd.o [1]
  .text              ro code  0x08000d28     0x4  startup_stm32f10x_hd.o [1]
  .text              ro code  0x08000d2c     0x4  startup_stm32f10x_hd.o [1]
  .text              ro code  0x08000d30     0x4  startup_stm32f10x_hd.o [1]
  .text              ro code  0x08000d34     0x4  startup_stm32f10x_hd.o [1]
  .text              ro code  0x08000d38     0x4  startup_stm32f10x_hd.o [1]
  .text              ro code  0x08000d3c     0x4  startup_stm32f10x_hd.o [1]
  .text              ro code  0x08000d40     0x4  startup_stm32f10x_hd.o [1]
  .text              ro code  0x08000d44     0x4  startup_stm32f10x_hd.o [1]
  .text              ro code  0x08000d48     0x4  startup_stm32f10x_hd.o [1]
  .text              ro code  0x08000d4c     0x4  startup_stm32f10x_hd.o [1]
  .text              ro code  0x08000d50     0x4  startup_stm32f10x_hd.o [1]
  .text              ro code  0x08000d54     0x4  startup_stm32f10x_hd.o [1]
  .text              ro code  0x08000d58     0x4  startup_stm32f10x_hd.o [1]
  .text              ro code  0x08000d5c     0x4  startup_stm32f10x_hd.o [1]
  .text              ro code  0x08000d60     0x4  startup_stm32f10x_hd.o [1]
  .text              ro code  0x08000d64     0x4  startup_stm32f10x_hd.o [1]
  .text              ro code  0x08000d68     0x4  startup_stm32f10x_hd.o [1]
  .text              ro code  0x08000d6c     0x4  startup_stm32f10x_hd.o [1]
  .text              ro code  0x08000d70     0x4  startup_stm32f10x_hd.o [1]
  .text              ro code  0x08000d74     0x4  startup_stm32f10x_hd.o [1]
  .text              ro code  0x08000d78     0x4  startup_stm32f10x_hd.o [1]
  .text              ro code  0x08000d7c     0x4  startup_stm32f10x_hd.o [1]
  .text              ro code  0x08000d80     0x4  startup_stm32f10x_hd.o [1]
  .text              ro code  0x08000d84     0x4  startup_stm32f10x_hd.o [1]
  .text              ro code  0x08000d88     0x4  startup_stm32f10x_hd.o [1]
  .text              ro code  0x08000d8c     0x4  startup_stm32f10x_hd.o [1]
  .text              ro code  0x08000d90     0x4  startup_stm32f10x_hd.o [1]
  .text              ro code  0x08000d94     0x4  startup_stm32f10x_hd.o [1]
  .text              ro code  0x08000d98     0x4  startup_stm32f10x_hd.o [1]
  .text              ro code  0x08000d9c     0x4  startup_stm32f10x_hd.o [1]
  .text              ro code  0x08000da0     0x4  startup_stm32f10x_hd.o [1]
  .text              ro code  0x08000da4     0x4  startup_stm32f10x_hd.o [1]
  .text              ro code  0x08000da8     0x4  startup_stm32f10x_hd.o [1]
  .text              ro code  0x08000dac     0x4  startup_stm32f10x_hd.o [1]
  .text              ro code  0x08000db0     0x4  startup_stm32f10x_hd.o [1]
  .text              ro code  0x08000db4     0x4  startup_stm32f10x_hd.o [1]
  .text              ro code  0x08000db8     0x4  startup_stm32f10x_hd.o [1]
  .text              ro code  0x08000dbc     0x4  startup_stm32f10x_hd.o [1]
  .rodata            const    0x08000dc0     0x0  zero_init3.o [4]
  .rodata            const    0x08000dc0     0x0  packbits_init_single.o [4]
  Initializer bytes  const    0x08000dc0     0x8  <for P2-1>
                            - 0x08000dc8   0xc98

"P2", part 1 of 3:                          0x1d
  P2-1                        0x20000000    0x1d  <Init block>
    .data            inited   0x20000000    0x1c  main.o [1]
    .data            inited   0x2000001c     0x1  main.o [1]
                            - 0x2000001d    0x1d

"P2", part 2 of 3:                        0x1000
  CSTACK                      0x20000020  0x1000  <Block>
    CSTACK           uninit   0x20000020  0x1000  <Block tail>
                            - 0x20001020  0x1000

"P2", part 3 of 3:                          0x5c
  .bss               zero     0x20001020    0x14  main.o [1]
  .bss               zero     0x20001034    0x10  main.o [1]
  .bss               zero     0x20001044     0xc  main.o [1]
  .bss               zero     0x20001050     0x8  main.o [1]
  .bss               zero     0x20001058     0x4  main.o [1]
  .bss               zero     0x2000105c     0x4  main.o [1]
  .bss               zero     0x20001060     0x4  main.o [1]
  .bss               zero     0x20001064     0x4  main.o [1]
  .bss               zero     0x20001068     0x4  main.o [1]
  .bss               zero     0x2000106c     0x4  main.o [1]
  .bss               zero     0x20001070     0x4  main.o [1]
  .bss               zero     0x20001074     0x4  main.o [1]
  .bss               zero     0x20001078     0x1  main.o [1]
                            - 0x20001079    0x59


*******************************************************************************
*** INIT TABLE
***

          Address     Size
          -------     ----
Zero (__iar_zero_init3)
    1 destination range, total size 0x59:
          0x20001020  0x59

Copy/packbits (__iar_packbits_init_single3)
    1 source range, total size 0x8 (27% of destination):
          0x08000dc0   0x8
    1 destination range, total size 0x1d:
          0x20000000  0x1d



*******************************************************************************
*** MODULE SUMMARY
***

    Module                  ro code  ro data  rw data
    ------                  -------  -------  -------
D:\Dropbox\exchange\IAR PROJECTS\GIT_repository\main_Board\Debug\Obj: [1]
    LIS3MDL.o                   454
    MPU6500.o                   404       16
    main.o                    1 348        8      118
    startup_stm32f10x_hd.o      592
    system_stm32f10x.o          344
    -------------------------------------------------
    Total:                    3 142       24      118

command line: [2]
    -------------------------------------------------
    Total:

dl7M_tln.a: [3]
    exit.o                        4
    low_level_init.o              4
    -------------------------------------------------
    Total:                        8

rt7M_tl.a: [4]
    ABImemcpy_unaligned.o        86
    cexit.o                      10
    cmain.o                      26
    cstartup_M.o                 12
    data_init.o                  40
    packbits_init_single.o       56
    zero_init3.o                 64
    -------------------------------------------------
    Total:                      294

shb_l.a: [5]
    exit.o                       20
    -------------------------------------------------
    Total:                       20

    Gaps                          8
    Linker created                        32    4 096
-----------------------------------------------------
    Grand Total:              3 472       56    4 214


*******************************************************************************
*** ENTRY LIST
***

Entry                      Address   Size  Type      Object
-----                      -------   ----  ----      ------
.iar.init_table$$Base   0x08000c20          --   Gb  - Linker created -
.iar.init_table$$Limit  0x08000c40          --   Gb  - Linker created -
?main                   0x08000c41         Code  Gb  cmain.o [4]
AVG_data                0x20001020   0x14  Data  Gb  main.o [1]
CALC_CHEKSUM            0x0800058b   0x1c  Code  Gb  main.o [1]
CSTACK$$Base            0x20000020          --   Gb  - Linker created -
CSTACK$$Limit           0x20001020          --   Gb  - Linker created -
CTRL_REG1               0x20001058    0x4  Data  Gb  main.o [1]
CTRL_REG2               0x2000105c    0x4  Data  Gb  main.o [1]
CTRL_REG3               0x20001060    0x4  Data  Gb  main.o [1]
CTRL_REG4               0x20001064    0x4  Data  Gb  main.o [1]
GYRO_SPI_CONFIG         0x08000675   0x74  Code  Gb  MPU6500.o [1]
LIS3MDL_Read_data_XYZ   0x08000935   0x9a  Code  Gb  LIS3MDL.o [1]
LIS3MDL_reg_read        0x08000889   0x56  Code  Gb  LIS3MDL.o [1]
LIS3MDL_reg_write       0x080008df   0x40  Code  Gb  LIS3MDL.o [1]
MPU6500_ACC_Setiings    0x20001070    0x4  Data  Gb  main.o [1]
MPU6500_ACC_Setiings2   0x20001074    0x4  Data  Gb  main.o [1]
MPU6500_Config          0x20001068    0x4  Data  Gb  main.o [1]
MPU6500_GyroSetiings    0x2000106c    0x4  Data  Gb  main.o [1]
MPU6500_out_data        0x20001034   0x10  Data  Gb  main.o [1]
MPU6500_reg_read        0x0800072b   0x54  Code  Gb  MPU6500.o [1]
MPU6500_reg_write       0x080006e9   0x42  Code  Gb  MPU6500.o [1]
Mag_data                0x20001050    0x8  Data  Gb  main.o [1]
Magnetometer_SPI_CONFIG
                        0x08000809   0x80  Code  Gb  LIS3MDL.o [1]
READ_ACC_GYRO_data      0x0800077f   0x6e  Code  Gb  MPU6500.o [1]
Region$$Table$$Base     0x08000c20          --   Gb  - Linker created -
Region$$Table$$Limit    0x08000c40          --   Gb  - Linker created -
SEND_UART_data          0x080005a7   0x40  Code  Gb  main.o [1]
SetSysClock             0x08000a7d    0x8  Code  Lc  system_stm32f10x.o [1]
SetSysClockTo72         0x08000a85   0xe0  Code  Lc  system_stm32f10x.o [1]
SystemInit              0x08000a29   0x54  Code  Gb  system_stm32f10x.o [1]
UART_TX_BUFFER          0x20000000   0x1c  Data  Lc  main.o [1]
USART1_IRQHandler       0x0800056b   0x20  Code  Gb  main.o [1]
__cmain                 0x08000c41         Code  Gb  cmain.o [4]
__exit                  0x08000c71   0x14  Code  Gb  exit.o [5]
__iar_data_init3        0x08000bf9   0x28  Code  Gb  data_init.o [4]
__iar_packbits_init_single3
                        0x08000bc1   0x38  Code  Gb  packbits_init_single.o [4]
__iar_program_start     0x08000ca5         Code  Gb  cstartup_M.o [4]
__iar_unaligned___aeabi_memcpy4
                        0x080009d1         Code  Gb  ABImemcpy_unaligned.o [4]
__iar_unaligned___aeabi_memcpy8
                        0x080009d1         Code  Gb  ABImemcpy_unaligned.o [4]
__iar_zero_init3        0x08000b81   0x40  Code  Gb  zero_init3.o [4]
__low_level_init        0x08000c5b    0x4  Code  Gb  low_level_init.o [3]
__vector_table          0x08000000         Data  Gb  startup_stm32f10x_hd.o [1]
_call_main              0x08000c4d         Code  Gb  cmain.o [4]
_exit                   0x08000c65         Code  Gb  cexit.o [4]
_main                   0x08000c57         Code  Gb  cmain.o [4]
exit                    0x08000c5f    0x4  Code  Gb  exit.o [3]
main                    0x08000131  0x43a  Code  Gb  main.o [1]
read_status             0x2000001c    0x1  Data  Gb  main.o [1]
receive_data            0x20001044    0xc  Data  Gb  main.o [1]
rx_counter1             0x20001078    0x1  Data  Gb  main.o [1]


[1] = D:\Dropbox\exchange\IAR PROJECTS\GIT_repository\main_Board\Debug\Obj
[2] = command line
[3] = dl7M_tln.a
[4] = rt7M_tl.a
[5] = shb_l.a

  3 472 bytes of readonly  code memory
     56 bytes of readonly  data memory
  4 214 bytes of readwrite data memory

Errors: none
Warnings: none
