###############################################################################
#
# IAR ELF Linker V7.50.2.10312/W32 for ARM                25/Jan/2017  19:14:34
# Copyright 2007-2015 IAR Systems AB.
#
#    Output file  =  
#        D:\Dropbox\exchange\IAR
#        PROJECTS\GIT_repository\main_Board\Debug\Exe\c.out
#    Map file     =  
#        D:\Dropbox\exchange\IAR
#        PROJECTS\GIT_repository\main_Board\Debug\List\c.map
#    Command line =  
#        "D:\Dropbox\exchange\IAR
#        PROJECTS\GIT_repository\main_Board\Debug\Obj\LIS3MDL.o"
#        "D:\Dropbox\exchange\IAR
#        PROJECTS\GIT_repository\main_Board\Debug\Obj\main.o"
#        "D:\Dropbox\exchange\IAR
#        PROJECTS\GIT_repository\main_Board\Debug\Obj\MPU6500.o"
#        "D:\Dropbox\exchange\IAR
#        PROJECTS\GIT_repository\main_Board\Debug\Obj\startup_stm32f10x_hd.o"
#        "D:\Dropbox\exchange\IAR
#        PROJECTS\GIT_repository\main_Board\Debug\Obj\system_stm32f10x.o" -o
#        "D:\Dropbox\exchange\IAR
#        PROJECTS\GIT_repository\main_Board\Debug\Exe\c.out" --redirect
#        _Printf=_PrintfFull --redirect _Scanf=_ScanfFull --map
#        "D:\Dropbox\exchange\IAR
#        PROJECTS\GIT_repository\main_Board\Debug\List\c.map" --config
#        "C:\Program Files (x86)\IAR Systems\Embedded Workbench
#        7.3\arm\config\linker\ST\stm32f103xE.icf" --semihosting --entry
#        __iar_program_start --vfe
#
###############################################################################

*******************************************************************************
*** RUNTIME MODEL ATTRIBUTES
***

CppFlavor       = *
__SystemLibrary = DLib


*******************************************************************************
*** PLACEMENT SUMMARY
***

"A1":  place at 0x08000000 { ro section .intvec };
"P1":  place in [from 0x08000000 to 0x0807ffff] { ro };
"P2":  place in [from 0x20000000 to 0x2000ffff] { rw, block CSTACK, block HEAP };

  Section             Kind        Address    Size  Object
  -------             ----        -------    ----  ------
"A1":                                       0x130
  .intvec             ro code  0x08000000   0x130  startup_stm32f10x_hd.o [1]
                             - 0x08000130   0x130

"P1":                                      0x1fce
  .text               ro code  0x08000130   0xb54  main.o [1]
  .text               ro code  0x08000c84   0x19c  MPU6500.o [1]
  .text               ro code  0x08000e20    0xd8  LIS3MDL.o [1]
  .text               ro code  0x08000ef8    0x32  I32ToFlt.o [4]
  .text               ro code  0x08000f2c    0xd8  FltMul.o [4]
  .text               ro code  0x08001004    0x84  FltAdd.o [4]
  .text               ro code  0x08001088    0x4e  FltToDbl.o [4]
  .text               ro code  0x080010d8    0xf0  sqrt.o [4]
  .text               ro code  0x080011c8   0x256  DblDiv.o [4]
  .text               ro code  0x08001420    0x90  DblToFlt.o [4]
  .text               ro code  0x080014b0    0x68  atanf.o [4]
  .text               ro code  0x08001518   0x1a2  DblMul.o [4]
  .text               ro code  0x080016bc    0x24  FltCmpLe.o [4]
  .text               ro code  0x080016e0    0xe6  FltSub.o [4]
  .text               ro code  0x080017c8    0x76  FltToS64.o [4]
  .text               ro code  0x08001840    0x44  FltToS32.o [4]
  .text               ro code  0x08001884    0xe8  DblAdd.o [4]
  .text               ro code  0x0800196c    0x56  ABImemcpy_unaligned.o [5]
  .text               ro code  0x080019c4     0xc  iarEdom.o [5]
  .text               ro code  0x080019d0    0x24  FltCmpGe.o [4]
  .text               ro code  0x080019f4    0xfc  FltDiv.o [4]
  .text               ro code  0x08001af0    0xf4  xfatan.o [4]
  .text               ro code  0x08001be4   0x16c  DblSub.o [4]
  .text               ro code  0x08001d50     0xc  errno.o [3]
  .text               ro code  0x08001d5c     0x2  xtls.o [3]
  .text               ro code  0x08001d60   0x158  system_stm32f10x.o [1]
  .text               ro code  0x08001eb8    0x40  zero_init3.o [5]
  .text               ro code  0x08001ef8    0x38  packbits_init_single.o [5]
  .text               ro code  0x08001f30    0x28  data_init.o [5]
  .iar.init_table     const    0x08001f58    0x20  - Linker created -
  .text               ro code  0x08001f78    0x1a  cmain.o [5]
  .text               ro code  0x08001f92     0x4  low_level_init.o [3]
  .text               ro code  0x08001f96     0x4  exit.o [3]
  .text               ro code  0x08001f9c     0xa  cexit.o [5]
  .text               ro code  0x08001fa8    0x14  exit.o [6]
  .rodata             const    0x08001fbc    0x10  MPU6500.o [1]
  .text               ro code  0x08001fcc    0x10  startup_stm32f10x_hd.o [1]
  .text               ro code  0x08001fdc     0xc  cstartup_M.o [5]
  .text               ro code  0x08001fe8     0x4  startup_stm32f10x_hd.o [1]
  .text               ro code  0x08001fec     0x4  startup_stm32f10x_hd.o [1]
  .text               ro code  0x08001ff0     0x4  startup_stm32f10x_hd.o [1]
  .text               ro code  0x08001ff4     0x4  startup_stm32f10x_hd.o [1]
  .text               ro code  0x08001ff8     0x4  startup_stm32f10x_hd.o [1]
  .text               ro code  0x08001ffc     0x4  startup_stm32f10x_hd.o [1]
  .text               ro code  0x08002000     0x4  startup_stm32f10x_hd.o [1]
  .text               ro code  0x08002004     0x4  startup_stm32f10x_hd.o [1]
  .text               ro code  0x08002008     0x4  startup_stm32f10x_hd.o [1]
  .text               ro code  0x0800200c     0x4  startup_stm32f10x_hd.o [1]
  .text               ro code  0x08002010     0x4  startup_stm32f10x_hd.o [1]
  .text               ro code  0x08002014     0x4  startup_stm32f10x_hd.o [1]
  .text               ro code  0x08002018     0x4  startup_stm32f10x_hd.o [1]
  .text               ro code  0x0800201c     0x4  startup_stm32f10x_hd.o [1]
  .text               ro code  0x08002020     0x4  startup_stm32f10x_hd.o [1]
  .text               ro code  0x08002024     0x4  startup_stm32f10x_hd.o [1]
  .text               ro code  0x08002028     0x4  startup_stm32f10x_hd.o [1]
  .text               ro code  0x0800202c     0x4  startup_stm32f10x_hd.o [1]
  .text               ro code  0x08002030     0x4  startup_stm32f10x_hd.o [1]
  .text               ro code  0x08002034     0x4  startup_stm32f10x_hd.o [1]
  .text               ro code  0x08002038     0x4  startup_stm32f10x_hd.o [1]
  .text               ro code  0x0800203c     0x4  startup_stm32f10x_hd.o [1]
  .text               ro code  0x08002040     0x4  startup_stm32f10x_hd.o [1]
  .text               ro code  0x08002044     0x4  startup_stm32f10x_hd.o [1]
  .text               ro code  0x08002048     0x4  startup_stm32f10x_hd.o [1]
  .text               ro code  0x0800204c     0x4  startup_stm32f10x_hd.o [1]
  .text               ro code  0x08002050     0x4  startup_stm32f10x_hd.o [1]
  .text               ro code  0x08002054     0x4  startup_stm32f10x_hd.o [1]
  .text               ro code  0x08002058     0x4  startup_stm32f10x_hd.o [1]
  .text               ro code  0x0800205c     0x4  startup_stm32f10x_hd.o [1]
  .text               ro code  0x08002060     0x4  startup_stm32f10x_hd.o [1]
  .text               ro code  0x08002064     0x4  startup_stm32f10x_hd.o [1]
  .text               ro code  0x08002068     0x4  startup_stm32f10x_hd.o [1]
  .text               ro code  0x0800206c     0x4  startup_stm32f10x_hd.o [1]
  .text               ro code  0x08002070     0x4  startup_stm32f10x_hd.o [1]
  .text               ro code  0x08002074     0x4  startup_stm32f10x_hd.o [1]
  .text               ro code  0x08002078     0x4  startup_stm32f10x_hd.o [1]
  .text               ro code  0x0800207c     0x4  startup_stm32f10x_hd.o [1]
  .text               ro code  0x08002080     0x4  startup_stm32f10x_hd.o [1]
  .text               ro code  0x08002084     0x4  startup_stm32f10x_hd.o [1]
  .text               ro code  0x08002088     0x4  startup_stm32f10x_hd.o [1]
  .text               ro code  0x0800208c     0x4  startup_stm32f10x_hd.o [1]
  .text               ro code  0x08002090     0x4  startup_stm32f10x_hd.o [1]
  .text               ro code  0x08002094     0x4  startup_stm32f10x_hd.o [1]
  .text               ro code  0x08002098     0x4  startup_stm32f10x_hd.o [1]
  .text               ro code  0x0800209c     0x4  startup_stm32f10x_hd.o [1]
  .text               ro code  0x080020a0     0x4  startup_stm32f10x_hd.o [1]
  .text               ro code  0x080020a4     0x4  startup_stm32f10x_hd.o [1]
  .text               ro code  0x080020a8     0x4  startup_stm32f10x_hd.o [1]
  .text               ro code  0x080020ac     0x4  startup_stm32f10x_hd.o [1]
  .text               ro code  0x080020b0     0x4  startup_stm32f10x_hd.o [1]
  .text               ro code  0x080020b4     0x4  startup_stm32f10x_hd.o [1]
  .text               ro code  0x080020b8     0x4  startup_stm32f10x_hd.o [1]
  .text               ro code  0x080020bc     0x4  startup_stm32f10x_hd.o [1]
  .text               ro code  0x080020c0     0x4  startup_stm32f10x_hd.o [1]
  .text               ro code  0x080020c4     0x4  startup_stm32f10x_hd.o [1]
  .text               ro code  0x080020c8     0x4  startup_stm32f10x_hd.o [1]
  .text               ro code  0x080020cc     0x4  startup_stm32f10x_hd.o [1]
  .text               ro code  0x080020d0     0x4  startup_stm32f10x_hd.o [1]
  .text               ro code  0x080020d4     0x4  startup_stm32f10x_hd.o [1]
  .text               ro code  0x080020d8     0x4  startup_stm32f10x_hd.o [1]
  .text               ro code  0x080020dc     0x4  startup_stm32f10x_hd.o [1]
  .text               ro code  0x080020e0     0x4  startup_stm32f10x_hd.o [1]
  .text               ro code  0x080020e4     0x4  startup_stm32f10x_hd.o [1]
  .text               ro code  0x080020e8     0x4  startup_stm32f10x_hd.o [1]
  .text               ro code  0x080020ec     0x4  startup_stm32f10x_hd.o [1]
  .text               ro code  0x080020f0     0x4  startup_stm32f10x_hd.o [1]
  .text               ro code  0x080020f4     0x4  startup_stm32f10x_hd.o [1]
  .rodata             const    0x080020f8     0x0  zero_init3.o [5]
  .rodata             const    0x080020f8     0x0  packbits_init_single.o [5]
  Initializer bytes   const    0x080020f8     0x6  <for P2-1>
                             - 0x080020fe  0x1fce

"P2", part 1 of 3:                           0x20
  P2-1                         0x20000000    0x20  <Init block>
    .data             inited   0x20000000    0x1c  main.o [1]
    __DLIB_PERTHREAD  inited   0x2000001c     0x4  errno.o [3]
                             - 0x20000020    0x20

"P2", part 2 of 3:                         0x1000
  CSTACK                       0x20000020  0x1000  <Block>
    CSTACK            uninit   0x20000020  0x1000  <Block tail>
                             - 0x20001020  0x1000

"P2", part 3 of 3:                           0xd8
  .bss                zero     0x20001020    0x18  main.o [1]
  .bss                zero     0x20001038    0x18  main.o [1]
  .bss                zero     0x20001050     0xc  main.o [1]
  .bss                zero     0x2000105c     0xc  main.o [1]
  .bss                zero     0x20001068     0xc  main.o [1]
  .bss                zero     0x20001074     0xc  main.o [1]
  .bss                zero     0x20001080     0xc  main.o [1]
  .bss                zero     0x2000108c     0xc  main.o [1]
  .bss                zero     0x20001098     0xc  main.o [1]
  .bss                zero     0x200010a4     0x8  main.o [1]
  .bss                zero     0x200010ac     0x4  main.o [1]
  .bss                zero     0x200010b0     0x4  main.o [1]
  .bss                zero     0x200010b4     0x4  main.o [1]
  .bss                zero     0x200010b8     0x4  main.o [1]
  .bss                zero     0x200010bc     0x4  main.o [1]
  .bss                zero     0x200010c0     0x4  main.o [1]
  .bss                zero     0x200010c4     0x4  main.o [1]
  .bss                zero     0x200010c8     0x4  main.o [1]
  .bss                zero     0x200010cc     0x4  main.o [1]
  .bss                zero     0x200010d0     0x4  main.o [1]
  .bss                zero     0x200010d4     0x4  main.o [1]
  .bss                zero     0x200010d8     0x4  main.o [1]
  .bss                zero     0x200010dc     0x4  main.o [1]
  .bss                zero     0x200010e0     0x4  main.o [1]
  .bss                zero     0x200010e4     0x4  main.o [1]
  .bss                zero     0x200010e8     0x4  main.o [1]
  .bss                zero     0x200010ec     0x4  main.o [1]
  .bss                zero     0x200010f0     0x2  main.o [1]
  .bss                zero     0x200010f2     0x1  main.o [1]
  .bss                zero     0x200010f3     0x1  main.o [1]
  .bss                zero     0x200010f4     0x1  main.o [1]
                             - 0x200010f5    0xd5


*******************************************************************************
*** INIT TABLE
***

          Address     Size
          -------     ----
Zero (__iar_zero_init3)
    1 destination range, total size 0xd5:
          0x20001020  0xd5

Copy/packbits (__iar_packbits_init_single3)
    1 source range, total size 0x6 (18% of destination):
          0x080020f8   0x6
    1 destination range, total size 0x20:
          0x20000000  0x20



*******************************************************************************
*** MODULE SUMMARY
***

    Module                  ro code  ro data  rw data
    ------                  -------  -------  -------
D:\Dropbox\exchange\IAR PROJECTS\GIT_repository\main_Board\Debug\Obj: [1]
    LIS3MDL.o                   216
    MPU6500.o                   412       16
    main.o                    2 900        5      241
    startup_stm32f10x_hd.o      592
    system_stm32f10x.o          344
    -------------------------------------------------
    Total:                    4 464       21      241

command line: [2]
    -------------------------------------------------
    Total:

dl7M_tln.a: [3]
    errno.o                      12        1        4
    exit.o                        4
    low_level_init.o              4
    xtls.o                        2
    -------------------------------------------------
    Total:                       22        1        4

m7M_tl.a: [4]
    DblAdd.o                    232
    DblDiv.o                    598
    DblMul.o                    418
    DblSub.o                    364
    DblToFlt.o                  144
    FltAdd.o                    132
    FltCmpGe.o                   36
    FltCmpLe.o                   36
    FltDiv.o                    252
    FltMul.o                    216
    FltSub.o                    230
    FltToDbl.o                   78
    FltToS32.o                   68
    FltToS64.o                  118
    I32ToFlt.o                   50
    atanf.o                     104
    sqrt.o                      240
    xfatan.o                    244
    -------------------------------------------------
    Total:                    3 560

rt7M_tl.a: [5]
    ABImemcpy_unaligned.o        86
    cexit.o                      10
    cmain.o                      26
    cstartup_M.o                 12
    data_init.o                  40
    iarEdom.o                    12
    packbits_init_single.o       56
    zero_init3.o                 64
    -------------------------------------------------
    Total:                      306

shb_l.a: [6]
    exit.o                       20
    -------------------------------------------------
    Total:                       20

    Gaps                         20
    Linker created                        32    4 096
-----------------------------------------------------
    Grand Total:              8 392       54    4 341


*******************************************************************************
*** ENTRY LIST
***

Entry                      Address   Size  Type      Object
-----                      -------   ----  ----      ------
.iar.init_table$$Base   0x08001f58          --   Gb  - Linker created -
.iar.init_table$$Limit  0x08001f78          --   Gb  - Linker created -
?main                   0x08001f79         Code  Gb  cmain.o [5]
CALC_CHEKSUM            0x08000ab3   0x1c  Code  Gb  main.o [1]
CSTACK$$Base            0x20000020          --   Gb  - Linker created -
CSTACK$$Limit           0x20001020          --   Gb  - Linker created -
CTRL_REG1               0x200010ac    0x4  Data  Gb  main.o [1]
CTRL_REG2               0x200010b0    0x4  Data  Gb  main.o [1]
CTRL_REG3               0x200010b4    0x4  Data  Gb  main.o [1]
CTRL_REG4               0x200010b8    0x4  Data  Gb  main.o [1]
GYRO_SPI_CONFIG         0x08000c85   0x80  Code  Gb  MPU6500.o [1]
INT_Enable_Setiings     0x200010d0    0x4  Data  Gb  main.o [1]
INT_Pin_Config          0x200010d8    0x4  Data  Gb  main.o [1]
INT_STATUS_REG          0x200010d4    0x4  Data  Gb  main.o [1]
Init_Read_timer         0x08000b19   0x2c  Code  Gb  main.o [1]
LIS3MDL_reg_write       0x08000ea1   0x40  Code  Gb  LIS3MDL.o [1]
MAG_INT_CFG             0x200010bc    0x4  Data  Gb  main.o [1]
MPU6500_ACC_Setiings    0x200010c8    0x4  Data  Gb  main.o [1]
MPU6500_ACC_Setiings2   0x200010cc    0x4  Data  Gb  main.o [1]
MPU6500_Config          0x200010c0    0x4  Data  Gb  main.o [1]
MPU6500_GyroSetiings    0x200010c4    0x4  Data  Gb  main.o [1]
MPU6500_RAW_data        0x2000105c    0xc  Data  Gb  main.o [1]
MPU6500_proc_data       0x20001020   0x18  Data  Gb  main.o [1]
MPU6500_reg_read        0x08000d47   0x54  Code  Gb  MPU6500.o [1]
MPU6500_reg_write       0x08000d05   0x42  Code  Gb  MPU6500.o [1]
Mag_data                0x200010a4    0x8  Data  Gb  main.o [1]
Magnetometer_SPI_CONFIG
                        0x08000e21   0x80  Code  Gb  LIS3MDL.o [1]
READ_ACC_GYRO_data      0x08000d9b   0x6e  Code  Gb  MPU6500.o [1]
Read_Timer_CHECK        0x08000b45   0x2c  Code  Gb  main.o [1]
Region$$Table$$Base     0x08001f58          --   Gb  - Linker created -
Region$$Table$$Limit    0x08001f78          --   Gb  - Linker created -
SEND_UART_data          0x08000acf   0x4a  Code  Gb  main.o [1]
SetSysClock             0x08001db5    0x8  Code  Lc  system_stm32f10x.o [1]
SetSysClockTo72         0x08001dbd   0xe0  Code  Lc  system_stm32f10x.o [1]
SystemInit              0x08001d61   0x54  Code  Gb  system_stm32f10x.o [1]
UART_TX_BUFFER          0x20000000   0x1c  Data  Lc  main.o [1]
USART1_IRQHandler       0x08000a93   0x20  Code  Gb  main.o [1]
__aeabi_cfcmple         0x080016bd         Code  Gb  FltCmpLe.o [4]
__aeabi_cfrcmple        0x080019d1         Code  Gb  FltCmpGe.o [4]
__aeabi_d2f             0x08001421         Code  Gb  DblToFlt.o [4]
__aeabi_dadd            0x08001885         Code  Gb  DblAdd.o [4]
__aeabi_ddiv            0x080011c9         Code  Gb  DblDiv.o [4]
__aeabi_dmul            0x08001519         Code  Gb  DblMul.o [4]
__aeabi_errno_addr      0x08001d51    0x6  Code  Gb  errno.o [3]
__aeabi_f2d             0x08001089         Code  Gb  FltToDbl.o [4]
__aeabi_f2iz            0x08001841         Code  Gb  FltToS32.o [4]
__aeabi_f2lz            0x080017c9         Code  Gb  FltToS64.o [4]
__aeabi_fadd            0x08001005         Code  Gb  FltAdd.o [4]
__aeabi_fdiv            0x080019f5         Code  Gb  FltDiv.o [4]
__aeabi_fmul            0x08000f2d         Code  Gb  FltMul.o [4]
__aeabi_fsub            0x080016e1         Code  Gb  FltSub.o [4]
__aeabi_i2f             0x08000ef9         Code  Gb  I32ToFlt.o [4]
__aeabi_ui2f            0x08000f0d         Code  Gb  I32ToFlt.o [4]
__cmain                 0x08001f79         Code  Gb  cmain.o [5]
__exit                  0x08001fa9   0x14  Code  Gb  exit.o [6]
__iar_Errno             0x2000001c    0x4  Data  Gb  errno.o [3]
__iar_FAtan             0x08001af1   0xb4  Code  Gb  xfatan.o [4]
__iar_dadd              0x08001899         Code  Gb  DblAdd.o [4]
__iar_data_init3        0x08001f31   0x28  Code  Gb  data_init.o [5]
__iar_dlib_perthread_access
                        0x08001d5d    0x2  Code  Gb  xtls.o [3]
__iar_dsub              0x08001be5         Code  Gb  DblSub.o [4]
__iar_dsubStart         0x08001bf7         Code  Gb  DblSub.o [4]
__iar_edom              0x080019c5         Code  Gb  iarEdom.o [5]
__iar_fadd              0x08001015         Code  Gb  FltAdd.o [4]
__iar_fsub              0x080016f1         Code  Gb  FltSub.o [4]
__iar_fsubStart         0x08001701         Code  Gb  FltSub.o [4]
__iar_packbits_init_single3
                        0x08001ef9   0x38  Code  Gb  packbits_init_single.o [5]
__iar_program_start     0x08001fdd         Code  Gb  cstartup_M.o [5]
__iar_sqrt              0x080010d9         Code  Gb  sqrt.o [4]
__iar_ui2f              0x08000f11         Code  Gb  I32ToFlt.o [4]
__iar_unaligned___aeabi_memcpy4
                        0x0800196d         Code  Gb  ABImemcpy_unaligned.o [5]
__iar_unaligned___aeabi_memcpy8
                        0x0800196d         Code  Gb  ABImemcpy_unaligned.o [5]
__iar_zero_init3        0x08001eb9   0x40  Code  Gb  zero_init3.o [5]
__low_level_init        0x08001f93    0x4  Code  Gb  low_level_init.o [3]
__vector_table          0x08000000         Data  Gb  startup_stm32f10x_hd.o [1]
_call_main              0x08001f85         Code  Gb  cmain.o [5]
_exit                   0x08001f9d         Code  Gb  cexit.o [5]
_main                   0x08001f8f         Code  Gb  cmain.o [5]
a                       0x08001bc4   0x20  Data  Lc  xfatan.o [4]
acc_raw_data_float      0x2000108c    0xc  Data  Gb  main.o [1]
atanf                   0x080014b1   0x68  Code  Gb  atanf.o [4]
current_accel_deg       0x20001080    0xc  Data  Gb  main.o [1]
current_deg             0x20001074    0xc  Data  Gb  main.o [1]
current_deg_value       0x20001038   0x18  Data  Gb  main.o [1]
current_sign            0x200010e0    0x4  Data  Gb  main.o [1]
current_sign_acc        0x200010e8    0x4  Data  Gb  main.o [1]
current_sign_gyro       0x200010e4    0x4  Data  Gb  main.o [1]
current_value           0x200010f0    0x2  Data  Gb  main.o [1]
exit                    0x08001f97    0x4  Code  Gb  exit.o [3]
filtered_angle          0x20001098    0xc  Data  Gb  main.o [1]
main                    0x08000131  0x962  Code  Gb  main.o [1]
preg1                   0x200010f3    0x1  Data  Gb  main.o [1]
preg2                   0x200010f4    0x1  Data  Gb  main.o [1]
prev_deg                0x20001068    0xc  Data  Gb  main.o [1]
prev_sign               0x200010ec    0x4  Data  Gb  main.o [1]
receive_data            0x20001050    0xc  Data  Gb  main.o [1]
rx_counter1             0x200010f2    0x1  Data  Gb  main.o [1]
sqrt                    0x080010d9         Code  Gb  sqrt.o [4]
sqrtl                   0x080010d9         Code  Gb  sqrt.o [4]
temp_float_deg          0x200010dc    0x4  Data  Gb  main.o [1]


[1] = D:\Dropbox\exchange\IAR PROJECTS\GIT_repository\main_Board\Debug\Obj
[2] = command line
[3] = dl7M_tln.a
[4] = m7M_tl.a
[5] = rt7M_tl.a
[6] = shb_l.a

  8 392 bytes of readonly  code memory
     54 bytes of readonly  data memory
  4 341 bytes of readwrite data memory

Errors: none
Warnings: none
